// Jest Snapshot v1, https://goo.gl/fbAQLP

exports[`Pruebas en <GifGridItem /> debe de renderizar el componente correctamente 1`] = `
<div
  className="card animate__animated animate__fadeIn"
>
  <img
    alt="Un titulo de test"
    src="https://localhost/imagen.jpg"
  />
  <p>
     
    Un titulo de test
     
  </p>
</div>
`;
